python : EEEE
Au caractère Ligne:1 : 22
+ ... HONPATH="."; python 
tests/test_quest_system.py > 
test_output.txt 2>&1
+                  ~~~~~~~~~~~~~~~~~~~~~~~~~
~~~~~~~~~~~~~~~~~~~~~~~~~~~~~~~
    + CategoryInfo          : NotSpecified: 
    (EEEE:String) [], RemoteException
    + FullyQualifiedErrorId : NativeCommand 
   Error
 
============================================
==========================
ERROR: test_complete_quest (__main__.TestQue
stSystem.test_complete_quest)
--------------------------------------------
--------------------------
Traceback (most recent call last):
  File "C:\Users\garwi\Documents\NarrativeEn
gine\tests\test_quest_system.py", line 25, 
in setUp
    self.manager.load_project(self.project)
    ^^^^^^^^^^^^^^^^^^^^^^^^^
AttributeError: 'StoryManager' object has 
no attribute 'load_project'

============================================
==========================
ERROR: test_return_quest_loot (__main__.Test
QuestSystem.test_return_quest_loot)
--------------------------------------------
--------------------------
Traceback (most recent call last):
  File "C:\Users\garwi\Documents\NarrativeEn
gine\tests\test_quest_system.py", line 25, 
in setUp
    self.manager.load_project(self.project)
    ^^^^^^^^^^^^^^^^^^^^^^^^^
AttributeError: 'StoryManager' object has 
no attribute 'load_project'

============================================
==========================
ERROR: test_show_quest 
(__main__.TestQuestSystem.test_show_quest)
--------------------------------------------
--------------------------
Traceback (most recent call last):
  File "C:\Users\garwi\Documents\NarrativeEn
gine\tests\test_quest_system.py", line 25, 
in setUp
    self.manager.load_project(self.project)
    ^^^^^^^^^^^^^^^^^^^^^^^^^
AttributeError: 'StoryManager' object has 
no attribute 'load_project'

============================================
==========================
ERROR: test_start_quest 
(__main__.TestQuestSystem.test_start_quest)
--------------------------------------------
--------------------------
Traceback (most recent call last):
  File "C:\Users\garwi\Documents\NarrativeEn
gine\tests\test_quest_system.py", line 25, 
in setUp
    self.manager.load_project(self.project)
    ^^^^^^^^^^^^^^^^^^^^^^^^^
AttributeError: 'StoryManager' object has 
no attribute 'load_project'

--------------------------------------------
--------------------------
Ran 4 tests in 0.002s

FAILED (errors=4)
DEBUG: Loading LoreManager from C:\Users\garwi\Documents\NarrativeEngine\src\core\lore_manager.py
